/Users/andrewphotinakis/Documents/SemesterProjectSWEN/team-project-2225-swen-261-01-2b-keyboard_warriors/estore-api/src/main/java/com/estore/api/estoreapi/persistence/UserFileDAO.java
/Users/andrewphotinakis/Documents/SemesterProjectSWEN/team-project-2225-swen-261-01-2b-keyboard_warriors/estore-api/src/main/java/com/estore/api/estoreapi/model/Keyboard.java
/Users/andrewphotinakis/Documents/SemesterProjectSWEN/team-project-2225-swen-261-01-2b-keyboard_warriors/estore-api/src/main/java/com/estore/api/estoreapi/WebConfig.java
/Users/andrewphotinakis/Documents/SemesterProjectSWEN/team-project-2225-swen-261-01-2b-keyboard_warriors/estore-api/src/main/java/com/estore/api/estoreapi/model/User.java
/Users/andrewphotinakis/Documents/SemesterProjectSWEN/team-project-2225-swen-261-01-2b-keyboard_warriors/estore-api/src/main/java/com/estore/api/estoreapi/persistence/InventoryDAO.java
/Users/andrewphotinakis/Documents/SemesterProjectSWEN/team-project-2225-swen-261-01-2b-keyboard_warriors/estore-api/src/main/java/com/estore/api/estoreapi/persistence/UserDAO.java
/Users/andrewphotinakis/Documents/SemesterProjectSWEN/team-project-2225-swen-261-01-2b-keyboard_warriors/estore-api/src/main/java/com/estore/api/estoreapi/controller/UserController.java
/Users/andrewphotinakis/Documents/SemesterProjectSWEN/team-project-2225-swen-261-01-2b-keyboard_warriors/estore-api/src/main/java/com/estore/api/estoreapi/EstoreApiApplication.java
/Users/andrewphotinakis/Documents/SemesterProjectSWEN/team-project-2225-swen-261-01-2b-keyboard_warriors/estore-api/src/main/java/com/estore/api/estoreapi/controller/InventoryController.java
/Users/andrewphotinakis/Documents/SemesterProjectSWEN/team-project-2225-swen-261-01-2b-keyboard_warriors/estore-api/src/main/java/com/estore/api/estoreapi/persistence/InventoryFileDAO.java
