/Users/andrewphotinakis/Documents/SemesterProjectSWEN/team-project-2225-swen-261-01-2b-keyboard_warriors/estore-api/src/test/java/com/estore/api/estoreapi/model/UserTest.java
/Users/andrewphotinakis/Documents/SemesterProjectSWEN/team-project-2225-swen-261-01-2b-keyboard_warriors/estore-api/src/test/java/com/estore/api/estoreapi/EstoreApiApplicationTests.java
/Users/andrewphotinakis/Documents/SemesterProjectSWEN/team-project-2225-swen-261-01-2b-keyboard_warriors/estore-api/src/test/java/com/estore/api/estoreapi/model/KeyboardTest.java
/Users/andrewphotinakis/Documents/SemesterProjectSWEN/team-project-2225-swen-261-01-2b-keyboard_warriors/estore-api/src/test/java/com/estore/api/estoreapi/controller/InventoryControllerTest.java
/Users/andrewphotinakis/Documents/SemesterProjectSWEN/team-project-2225-swen-261-01-2b-keyboard_warriors/estore-api/src/test/java/com/estore/api/estoreapi/controller/UserControllerTest.java
/Users/andrewphotinakis/Documents/SemesterProjectSWEN/team-project-2225-swen-261-01-2b-keyboard_warriors/estore-api/src/test/java/com/estore/api/estoreapi/persistence/UserFileDAOTest.java
/Users/andrewphotinakis/Documents/SemesterProjectSWEN/team-project-2225-swen-261-01-2b-keyboard_warriors/estore-api/src/test/java/com/estore/api/estoreapi/persistence/InventoryFileDAOTest.java
